
Discarded input sections

 .text          0x00000000        0x0 build/arm7/source/common/xor_constant.s.o
 .data          0x00000000        0x0 build/arm7/source/common/xor_constant.s.o
 .bss           0x00000000        0x0 build/arm7/source/common/xor_constant.s.o
 .text.xor_constant
                0x00000000        0x8 build/arm7/source/common/xor_constant.s.o
 .ARM.attributes
                0x00000000       0x1a build/arm7/source/common/xor_constant.s.o
 .text          0x00000000        0x0 build/arm7/source/common/libc/memcpy.s.o
 .data          0x00000000        0x0 build/arm7/source/common/libc/memcpy.s.o
 .bss           0x00000000        0x0 build/arm7/source/common/libc/memcpy.s.o
 .text.__aeabi_memcpy
                0x00000000       0xdc build/arm7/source/common/libc/memcpy.s.o
 .text.memcpy   0x00000000       0x10 build/arm7/source/common/libc/memcpy.s.o
 .ARM.attributes
                0x00000000       0x1a build/arm7/source/common/libc/memcpy.s.o
 .text          0x00000000        0x0 build/arm7/source/common/libc/memmove.s.o
 .data          0x00000000        0x0 build/arm7/source/common/libc/memmove.s.o
 .bss           0x00000000        0x0 build/arm7/source/common/libc/memmove.s.o
 .text.__aeabi_memmove
                0x00000000       0x24 build/arm7/source/common/libc/memmove.s.o
 .text.memmove  0x00000000       0x10 build/arm7/source/common/libc/memmove.s.o
 .ARM.attributes
                0x00000000       0x1a build/arm7/source/common/libc/memmove.s.o
 .text          0x00000000        0x0 build/arm7/source/common/libc/memset.s.o
 .data          0x00000000        0x0 build/arm7/source/common/libc/memset.s.o
 .bss           0x00000000        0x0 build/arm7/source/common/libc/memset.s.o
 .text.__aeabi_memclr
                0x00000000       0x10 build/arm7/source/common/libc/memset.s.o
 .text.__aeabi_memset
                0x00000000       0xac build/arm7/source/common/libc/memset.s.o
 .text.memset   0x00000000       0x1c build/arm7/source/common/libc/memset.s.o
 .ARM.attributes
                0x00000000       0x1a build/arm7/source/common/libc/memset.s.o
 .text          0x00000000        0x0 build/arm7/source/common/libc/rmemcpy.s.o
 .data          0x00000000        0x0 build/arm7/source/common/libc/rmemcpy.s.o
 .bss           0x00000000        0x0 build/arm7/source/common/libc/rmemcpy.s.o
 .text.__ndsabi_rmemcpy
                0x00000000       0xe0 build/arm7/source/common/libc/rmemcpy.s.o
 .ARM.attributes
                0x00000000       0x1a build/arm7/source/common/libc/rmemcpy.s.o
 .text          0x00000000        0x0 build/arm7/source/arm7/crt0.s.o
 .data          0x00000000        0x0 build/arm7/source/arm7/crt0.s.o
 .bss           0x00000000        0x0 build/arm7/source/arm7/crt0.s.o
 .text          0x00000000        0x0 /tmp/ccilbpjO.ltrans0.ltrans.o
 .data          0x00000000        0x0 /tmp/ccilbpjO.ltrans0.ltrans.o
 .bss           0x00000000        0x0 /tmp/ccilbpjO.ltrans0.ltrans.o
 .comment       0x00000000       0x23 /tmp/ccilbpjO.ltrans0.ltrans.o
 .ARM.attributes
                0x00000000       0x28 /tmp/ccilbpjO.ltrans0.ltrans.o

Memory Configuration

Name             Origin             Length             Attributes
RAM              0x03800000         0x00010000
*default*        0x00000000         0xffffffff

Linker script and memory map

LOAD build/arm7/source/common/xor_constant.s.o
LOAD build/arm7/source/common/libc/memcpy.s.o
LOAD build/arm7/source/common/libc/memmove.s.o
LOAD build/arm7/source/common/libc/memset.s.o
LOAD build/arm7/source/common/libc/rmemcpy.s.o
LOAD build/arm7/source/arm7/crt0.s.o
LOAD build/arm7/source/common/libc/memcmp.c.o
LOAD /tmp/ccilbpjO.ltrans0.ltrans.o
LOAD build/arm7/source/common/libc/nanoprintf.c.o
LOAD build/arm7/source/common/libc/strchr.c.o
LOAD build/arm7/source/common/libc/strlen.c.o
LOAD /opt/wonderful/toolchain/gcc-arm-none-eabi/lib/gcc/arm-none-eabi/14.2.0/arm7tdmi/libgcc.a

.text           0x03800000      0x200
 *(.start)
 .start         0x03800000      0x130 build/arm7/source/arm7/crt0.s.o
                0x03800000                _start
 *(.text .text.* .gnu.linkonce.t.*)
 *(.rodata .rodata.* .gnu.linkonce.r.*)
 *(.data .data.* .gnu.linkonce.d.*)
                0x03800200                        . = ALIGN (0x200)
 *fill*         0x03800130       0xd0 

.glue_7         0x03800200        0x0
 .glue_7        0x03800200        0x0 linker stubs

.glue_7t        0x03800200        0x0
 .glue_7t       0x03800200        0x0 linker stubs

.vfp11_veneer   0x03800200        0x0
 .vfp11_veneer  0x03800200        0x0 linker stubs

.v4_bx          0x03800200        0x0
 .v4_bx         0x03800200        0x0 linker stubs

.iplt           0x03800200        0x0
 .iplt          0x03800200        0x0 build/arm7/source/arm7/crt0.s.o

.igot.plt       0x03800200        0x0
 .igot.plt      0x03800200        0x0 build/arm7/source/arm7/crt0.s.o

.rel.dyn        0x03800200        0x0
 .rel.iplt      0x03800200        0x0 build/arm7/source/arm7/crt0.s.o

.bss            0x03800200        0x0
 *(.arguments)
 *(.bss .bss.* .gnu.linkonce.b.*)
 *(COMMON)
                0x03800200                        . = ALIGN ((. != 0x0)?0x4:0x1)

.noinit         0x03800200        0x0
 *(.noinit .noinit.* .gnu.linkonce.n.*)
                0x03800200                        . = ALIGN ((. != 0x0)?0x4:0x1)
                0x03800200                        __bss_start = ADDR (.bss)
                0x00000000                        __bss_chunks = ((SIZEOF (.bss) + 0x1f) >> 0x5)

.debug
 *(.debug)

.line
 *(.line)

.debug_srcinfo
 *(.debug_srcinfo)

.debug_sfnames
 *(.debug_sfnames)

.debug_aranges
 *(.debug_aranges)

.debug_pubnames
 *(.debug_pubnames)

.debug_info
 *(.debug_info .gnu.linkonce.wi.*)

.debug_abbrev
 *(.debug_abbrev)

.debug_line
 *(.debug_line .debug_line.* .debug_line_end)

.debug_frame
 *(.debug_frame)

.debug_str
 *(.debug_str)

.debug_loc
 *(.debug_loc)

.debug_macinfo
 *(.debug_macinfo)

.debug_weaknames
 *(.debug_weaknames)

.debug_funcnames
 *(.debug_funcnames)

.debug_typenames
 *(.debug_typenames)

.debug_varnames
 *(.debug_varnames)
OUTPUT(build/arm7.elf elf32-littlearm)
LOAD linker stubs

.ARM.attributes
                0x00000000       0x24
 .ARM.attributes
                0x00000000       0x1a build/arm7/source/arm7/crt0.s.o
